[assembly: System.Reflection.AssemblyMetadata("RepositoryUrl", "https://github.com/aweXpect/aweXpect.Mockolate.git")]
[assembly: System.Runtime.Versioning.TargetFramework(".NETStandard,Version=v2.0", FrameworkDisplayName=".NET Standard 2.0")]
namespace aweXpect
{
    public static class ThatCheckResult
    {
        public static aweXpect.Results.AndOrResult<Mockolate.Checks.CheckResult<TMock>, aweXpect.Core.IThat<Mockolate.Checks.CheckResult<TMock>>> Once<TMock>(this aweXpect.Core.IThat<Mockolate.Checks.CheckResult<TMock>> subject) { }
    }
}