[assembly: System.Reflection.AssemblyMetadata("RepositoryUrl", "https://github.com/aweXpect/aweXpect.Mockolate.git")]
[assembly: System.Runtime.Versioning.TargetFramework(".NETCoreApp,Version=v8.0", FrameworkDisplayName=".NET 8.0")]
namespace aweXpect
{
    public static class ThatCheckResult
    {
        public static aweXpect.Results.AndOrResult<Mockolate.Checks.CheckResult<TMock>, aweXpect.Core.IThat<Mockolate.Checks.CheckResult<TMock>>> Exactly<TMock>(this aweXpect.Core.IThat<Mockolate.Checks.CheckResult<TMock>> subject, aweXpect.Core.Times times) { }
        public static aweXpect.Results.AndOrResult<Mockolate.Checks.CheckResult<TMock>, aweXpect.Core.IThat<Mockolate.Checks.CheckResult<TMock>>> Never<TMock>(this aweXpect.Core.IThat<Mockolate.Checks.CheckResult<TMock>> subject) { }
        public static aweXpect.Results.AndOrResult<Mockolate.Checks.CheckResult<TMock>, aweXpect.Core.IThat<Mockolate.Checks.CheckResult<TMock>>> Once<TMock>(this aweXpect.Core.IThat<Mockolate.Checks.CheckResult<TMock>> subject) { }
        public static aweXpect.Results.AndOrResult<Mockolate.Checks.CheckResult<TMock>, aweXpect.Core.IThat<Mockolate.Checks.CheckResult<TMock>>> Twice<TMock>(this aweXpect.Core.IThat<Mockolate.Checks.CheckResult<TMock>> subject) { }
    }
}